path "/home/alex/.tracked/config/nix/nixos/modules" does not contain a 'flake.nix', searching up
building the system configuration...
path "/home/alex/.tracked/config/nix/nixos/modules" does not contain a 'flake.nix', searching up
 ⠀⠀⠀⠀⠀⠀⠀⠀⠀⠀⠀⠀⠀⠀⠀⠀⠀⠀⠀⠀⠀⠀⠀⠀⠀⣀⣀⣤⠤⢤⣀
⠀⠀⠀⠀⠀⠀⠀⠀⠀⠀⠀⠀⠀⠀⠀⠀⠀⠀⠀⠀⠀⢀⣠⠴⠒⢋⣉⣀⣠⣄⣀⣈⡇
⡆⠀⠀⠀⠀⠀⠀⠀⠀⠀⠀⠀⠀⠀⠀⠀⠀⠀⣠⣴⣾⣯⠴⠚⠉⠉⠀⠀⠀⠀⣤⠏⣿
⡇⠁⠀⠀⠀⠀⡄⠀⠀⠀⠀⠀⠀⠀⠀⣠⣴⡿⠿⢛⠁⠁⣸⠀⠀⠀⠀⠀⣤⣾⠵⠚⠁
⢧⠀⠀⢀⣠⡾⡇⠀⠀⠀⠀⠀⣠⣴⠿⠋⠁⠀⠀⠀⠀⠘⣿⠀⣀⡠⠞⠛⠁⠂⠁
⠸⣄⣡⢾⡿⠁⠀⠀⠀⣀⣴⠟⠋⠁⠀⠀⠀⠀⠐⠠⡤⣾⣙⣶⡶⠃
⣖⣾⡷⢿⣐⣀⣀⣤⢾⣋⠁⠀⠀⠀⣀⢀⣀⣀⣀⣀⠀⢀⢿⠑⠃
⣿⣿⢾⠶⣧⡼⢏⠑⠚⠋⠉⠉⡉⡉⠉⠉⠹⠈⠁⠉⠀⠨⢾⡂
⣟⣇⣷⣞⡛⠁
⣿⠟⠙⣧⠅⡄⠀⠀⠀⠀⠀⠀⠰⡆⠀⠀⠀⠀⢠⣾⡄
⡾⡒⠖⠉⠏⠁⠀⠀⠀⠀⣀⢀⣠⣧⣀⣀⠀⠀⠀⠚
⡏⠅⠀⠀⠀⠀⠀⠀⠀⠀⠀⠈⠙⣿⢭⠉
  ⠀⠀⠀⠀⠀⠀⠀⠀⠀⠀⠂⢿⠘
copying 27 paths...
copying path '/nix/store/3mk95kas00n387jffy3gg3xg3i37bgjs-unit-davis.service.drv' to 'ssh://root@intra.net.ip'...
copying path '/nix/store/dqf02y33mbzswr3fnhcx8gn0ysk515ps-openbao-agent-davis.json.drv' to 'ssh://root@intra.net.ip'...
copying path '/nix/store/pykc5i55zplvwv7mc5z9sfyk30ix0x83-openbao-agent-strongswan.json.drv' to 'ssh://root@intra.net.ip'...
copying path '/nix/store/fi833cv15z0zk42gzs1fr0nykqc2h46y-unit-openbao-agent-davis.service.drv' to 'ssh://root@intra.net.ip'...
copying path '/nix/store/ai7hvsqfmynxflng1p4lx85w88r85bh4-unit-openbao-agent-strongswan.service.drv' to 'ssh://root@intra.net.ip'...
copying path '/nix/store/g5fp6chsiz0nvgv534kmxy4970agqc8n-system-units.drv' to 'ssh://root@intra.net.ip'...
copying path '/nix/store/2ndf8vbiy175x5ihnbrbl88q0pcjwsn9-system-units.drv' to 'ssh://root@intra.net.ip'...
copying path '/nix/store/66392jnszks8himrz16dfp1h2r9gjjc5-etc.drv' to 'ssh://root@intra.net.ip'...
copying path '/nix/store/j2xk0i3h3azqna6mamx1cn7lq7mc1iwz-etc.drv' to 'ssh://root@intra.net.ip'...
copying path '/nix/store/vrrcs816h1pvp0rvq14ld7bsqjfpkn0c-activate.drv' to 'ssh://root@intra.net.ip'...
copying path '/nix/store/vjr15i6fdbmqw6m9qmvfz8sv80x2lvdj-activate.drv' to 'ssh://root@intra.net.ip'...
copying path '/nix/store/z03kkdbzb4wsvarv1jqxrg1kbrvsla9d-nixos-system-intranet-synchronisation-dav-26.11.20260703.1c0fc59.drv' to 'ssh://root@intra.net.ip'...
copying path '/nix/store/724bl0dmadgxdhhbfj0fawdw5r5y5k9s-nixos-system-intranet-operation-vpn-26.11.20260703.1c0fc59.drv' to 'ssh://root@intra.net.ip'...
copying path '/nix/store/0qpafhc4al2vcv102xwxkpgxvfq5gj30-etc-nixos-containers-intranet-synchronisation-dav.conf.drv' to 'ssh://root@intra.net.ip'...
copying path '/nix/store/zky1j5ddnsl7qmv3gkydyh8nsgjsxvgr-etc-nixos-containers-intranet-operation-vpn.conf.drv' to 'ssh://root@intra.net.ip'...
copying path '/nix/store/y3lpcrgv05q7gk83wxa8x2k596k2d6bq-X-Restart-Triggers-container-intranet-synchronisation-dav.drv' to 'ssh://root@intra.net.ip'...
copying path '/nix/store/70bmynj3qvigapwiql23ym4cx44pxcpb-X-Restart-Triggers-container-intranet-operation-vpn.drv' to 'ssh://root@intra.net.ip'...
copying path '/nix/store/j16yzpmyfkq91r2j45azqmvicgzv51py-unit-container-intranet-synchronisation-dav.service.drv' to 'ssh://root@intra.net.ip'...
copying path '/nix/store/2gkrjp1mw85bxgpppwmcqpga7rn7wh54-unit-container-intranet-operation-vpn.service.drv' to 'ssh://root@intra.net.ip'...
copying path '/nix/store/wsy24anlc1vfyircpn48sdaxr92xkapf-system-units.drv' to 'ssh://root@intra.net.ip'...
copying path '/nix/store/acgcl70wj6xlzmlh0igrl773052cv4nh-etc.drv' to 'ssh://root@intra.net.ip'...
copying path '/nix/store/0m182s82g9i1n8knrawsvxyk3h4537b1-etc-json.drv' to 'ssh://root@intra.net.ip'...
copying path '/nix/store/1z8vvxln6hbb84nh540i25hwrxxccv1b-etc-dump.drv' to 'ssh://root@intra.net.ip'...
copying path '/nix/store/935m11kpc05lg9n1msj1mzv23k6n0hsi-etc-metadata.erofs.drv' to 'ssh://root@intra.net.ip'...
copying path '/nix/store/6h382jgww6j4z80siqdfwib4ra31x0a2-activate.drv' to 'ssh://root@intra.net.ip'...
copying path '/nix/store/f3jp6wwrqb5sqisby2igs16cxz5125yy-boot.json.drv' to 'ssh://root@intra.net.ip'...
copying path '/nix/store/vwb1nq7vprpnrjpx0446chzl7hhvy2nn-nixos-system-aether-26.11.20260703.1c0fc59.drv' to 'ssh://root@intra.net.ip'...
these 27 derivations will be built:
  /nix/store/3mk95kas00n387jffy3gg3xg3i37bgjs-unit-davis.service.drv
  /nix/store/dqf02y33mbzswr3fnhcx8gn0ysk515ps-openbao-agent-davis.json.drv
  /nix/store/fi833cv15z0zk42gzs1fr0nykqc2h46y-unit-openbao-agent-davis.service.drv
  /nix/store/g5fp6chsiz0nvgv534kmxy4970agqc8n-system-units.drv
  /nix/store/66392jnszks8himrz16dfp1h2r9gjjc5-etc.drv
  /nix/store/vrrcs816h1pvp0rvq14ld7bsqjfpkn0c-activate.drv
  /nix/store/z03kkdbzb4wsvarv1jqxrg1kbrvsla9d-nixos-system-intranet-synchronisation-dav-26.11.20260703.1c0fc59.drv
  /nix/store/0qpafhc4al2vcv102xwxkpgxvfq5gj30-etc-nixos-containers-intranet-synchronisation-dav.conf.drv
  /nix/store/pykc5i55zplvwv7mc5z9sfyk30ix0x83-openbao-agent-strongswan.json.drv
  /nix/store/ai7hvsqfmynxflng1p4lx85w88r85bh4-unit-openbao-agent-strongswan.service.drv
  /nix/store/2ndf8vbiy175x5ihnbrbl88q0pcjwsn9-system-units.drv
  /nix/store/j2xk0i3h3azqna6mamx1cn7lq7mc1iwz-etc.drv
  /nix/store/vjr15i6fdbmqw6m9qmvfz8sv80x2lvdj-activate.drv
  /nix/store/724bl0dmadgxdhhbfj0fawdw5r5y5k9s-nixos-system-intranet-operation-vpn-26.11.20260703.1c0fc59.drv
  /nix/store/zky1j5ddnsl7qmv3gkydyh8nsgjsxvgr-etc-nixos-containers-intranet-operation-vpn.conf.drv
  /nix/store/70bmynj3qvigapwiql23ym4cx44pxcpb-X-Restart-Triggers-container-intranet-operation-vpn.drv
  /nix/store/2gkrjp1mw85bxgpppwmcqpga7rn7wh54-unit-container-intranet-operation-vpn.service.drv
  /nix/store/y3lpcrgv05q7gk83wxa8x2k596k2d6bq-X-Restart-Triggers-container-intranet-synchronisation-dav.drv
  /nix/store/j16yzpmyfkq91r2j45azqmvicgzv51py-unit-container-intranet-synchronisation-dav.service.drv
  /nix/store/wsy24anlc1vfyircpn48sdaxr92xkapf-system-units.drv
  /nix/store/0m182s82g9i1n8knrawsvxyk3h4537b1-etc-json.drv
  /nix/store/1z8vvxln6hbb84nh540i25hwrxxccv1b-etc-dump.drv
  /nix/store/935m11kpc05lg9n1msj1mzv23k6n0hsi-etc-metadata.erofs.drv
  /nix/store/acgcl70wj6xlzmlh0igrl773052cv4nh-etc.drv
  /nix/store/6h382jgww6j4z80siqdfwib4ra31x0a2-activate.drv
  /nix/store/f3jp6wwrqb5sqisby2igs16cxz5125yy-boot.json.drv
  /nix/store/vwb1nq7vprpnrjpx0446chzl7hhvy2nn-nixos-system-aether-26.11.20260703.1c0fc59.drv
building '/nix/store/3mk95kas00n387jffy3gg3xg3i37bgjs-unit-davis.service.drv'...
building '/nix/store/dqf02y33mbzswr3fnhcx8gn0ysk515ps-openbao-agent-davis.json.drv'...
building '/nix/store/pykc5i55zplvwv7mc5z9sfyk30ix0x83-openbao-agent-strongswan.json.drv'...
building '/nix/store/fi833cv15z0zk42gzs1fr0nykqc2h46y-unit-openbao-agent-davis.service.drv'...
building '/nix/store/ai7hvsqfmynxflng1p4lx85w88r85bh4-unit-openbao-agent-strongswan.service.drv'...
building '/nix/store/g5fp6chsiz0nvgv534kmxy4970agqc8n-system-units.drv'...
building '/nix/store/2ndf8vbiy175x5ihnbrbl88q0pcjwsn9-system-units.drv'...
building '/nix/store/66392jnszks8himrz16dfp1h2r9gjjc5-etc.drv'...
building '/nix/store/j2xk0i3h3azqna6mamx1cn7lq7mc1iwz-etc.drv'...
building '/nix/store/vrrcs816h1pvp0rvq14ld7bsqjfpkn0c-activate.drv'...
building '/nix/store/vjr15i6fdbmqw6m9qmvfz8sv80x2lvdj-activate.drv'...
building '/nix/store/z03kkdbzb4wsvarv1jqxrg1kbrvsla9d-nixos-system-intranet-synchronisation-dav-26.11.20260703.1c0fc59.drv'...
building '/nix/store/724bl0dmadgxdhhbfj0fawdw5r5y5k9s-nixos-system-intranet-operation-vpn-26.11.20260703.1c0fc59.drv'...
building '/nix/store/0qpafhc4al2vcv102xwxkpgxvfq5gj30-etc-nixos-containers-intranet-synchronisation-dav.conf.drv'...
building '/nix/store/zky1j5ddnsl7qmv3gkydyh8nsgjsxvgr-etc-nixos-containers-intranet-operation-vpn.conf.drv'...
building '/nix/store/y3lpcrgv05q7gk83wxa8x2k596k2d6bq-X-Restart-Triggers-container-intranet-synchronisation-dav.drv'...
building '/nix/store/70bmynj3qvigapwiql23ym4cx44pxcpb-X-Restart-Triggers-container-intranet-operation-vpn.drv'...
building '/nix/store/j16yzpmyfkq91r2j45azqmvicgzv51py-unit-container-intranet-synchronisation-dav.service.drv'...
building '/nix/store/2gkrjp1mw85bxgpppwmcqpga7rn7wh54-unit-container-intranet-operation-vpn.service.drv'...
building '/nix/store/wsy24anlc1vfyircpn48sdaxr92xkapf-system-units.drv'...
building '/nix/store/0m182s82g9i1n8knrawsvxyk3h4537b1-etc-json.drv'...
building '/nix/store/acgcl70wj6xlzmlh0igrl773052cv4nh-etc.drv'...
building '/nix/store/1z8vvxln6hbb84nh540i25hwrxxccv1b-etc-dump.drv'...
building '/nix/store/935m11kpc05lg9n1msj1mzv23k6n0hsi-etc-metadata.erofs.drv'...
building '/nix/store/f3jp6wwrqb5sqisby2igs16cxz5125yy-boot.json.drv'...
building '/nix/store/6h382jgww6j4z80siqdfwib4ra31x0a2-activate.drv'...
building '/nix/store/vwb1nq7vprpnrjpx0446chzl7hhvy2nn-nixos-system-aether-26.11.20260703.1c0fc59.drv'...
Checking switch inhibitors... done
stopping the following units: container@intranet-operation-vpn.service, container@intranet-synchronisation-dav.service
activating the configuration...
remounting /etc...
reloading user units for root...
restarting the following user units: nixos-activation.service
restarting sysinit-reactivation.target
starting the following units: container@intranet-operation-vpn.service, container@intranet-synchronisation-dav.service
the following new units were started: run-nixos\x2detc\x2dmetadata.hEhqcWoqn0.mount
Done. The new configuration is /nix/store/kdmkj52p94ywnvsv08b11f78dzjfk8q8-nixos-system-aether-26.11.20260703.1c0fc59
